// Jest Snapshot v1, https://goo.gl/fbAQLP

exports[`MeetingCard matches snapshot 1`] = `
<View
  style={
    {
      "alignSelf": "flex-end",
      "marginHorizontal": 16,
      "marginVertical": 8,
      "maxWidth": "80%",
    }
  }
>
  <View
    style={
      {
        "backgroundColor": "#1F1F1F",
        "borderColor": "rgba(255, 255, 255, 0.1)",
        "borderRadius": 12,
        "borderWidth": 1,
        "flexDirection": "row",
        "overflow": "hidden",
      }
    }
  >
    <View
      style={
        {
          "alignItems": "center",
          "backgroundColor": "#121212",
          "justifyContent": "center",
          "padding": 8,
          "width": 60,
        }
      }
    >
      <Text
        style={
          {
            "color": "#FFFFFF",
            "fontSize": 14,
            "fontWeight": "500",
            "textTransform": "uppercase",
          }
        }
      >
        Jan
      </Text>
      <Text
        style={
          {
            "color": "#FFFFFF",
            "fontSize": 24,
            "fontWeight": "600",
          }
        }
      >
        18
      </Text>
    </View>
    <View
      style={
        {
          "flex": 1,
          "padding": 12,
        }
      }
    >
      <Text
        style={
          {
            "color": "#FFFFFF",
            "fontSize": 16,
            "fontWeight": "600",
            "marginBottom": 8,
          }
        }
      >
        Anto
      </Text>
      <View
        style={
          {
            "alignItems": "center",
            "flexDirection": "row",
            "marginBottom": 4,
          }
        }
      >
        <Text
          style={
            {
              "color": "rgba(255, 255, 255, 0.7)",
              "fontSize": 12,
              "marginLeft": 4,
            }
          }
        >
          6:00PM
        </Text>
      </View>
      <View
        style={
          {
            "alignItems": "center",
            "flexDirection": "row",
            "marginBottom": 4,
          }
        }
      >
        <Text
          style={
            {
              "color": "rgba(255, 255, 255, 0.7)",
              "fontSize": 12,
              "marginLeft": 4,
            }
          }
        >
          Honda Center, Geneva
        </Text>
      </View>
    </View>
    <View
      accessibilityState={
        {
          "busy": undefined,
          "checked": undefined,
          "disabled": undefined,
          "expanded": undefined,
          "selected": undefined,
        }
      }
      accessibilityValue={
        {
          "max": undefined,
          "min": undefined,
          "now": undefined,
          "text": undefined,
        }
      }
      accessible={true}
      collapsable={false}
      focusable={true}
      onClick={[Function]}
      onResponderGrant={[Function]}
      onResponderMove={[Function]}
      onResponderRelease={[Function]}
      onResponderTerminate={[Function]}
      onResponderTerminationRequest={[Function]}
      onStartShouldSetResponder={[Function]}
      style={
        {
          "alignItems": "center",
          "alignSelf": "flex-end",
          "height": 40,
          "justifyContent": "center",
          "opacity": 1,
          "width": 40,
        }
      }
    >
      <Text
        style={
          {
            "color": "#FFFFFF",
            "fontSize": 14,
          }
        }
      >
        Edit
      </Text>
    </View>
  </View>
</View>
`;
